&c .(*Celsius): false
&c .(*readonly Celsius): true 21
&c .(Celsius): true 21
borrow .(*Celsius): false
borrow .(*readonly Celsius): true
box .(@Celsius): false
box .(@readonly Celsius): true
mutable .(*Celsius): true
mutable .(*readonly Celsius): true
&rs .(*S): false
&rs .(*readonly S): true 0
&rs .(S): true 0
switch: *readonly S 0
mutable switch: *S 4
@readonly Node .(@Node): false
@readonly Node .(@readonly Node): true 9
@readonly Node .(Node): true 9
@Node .(@Node): true
managed blocks released: true
&rh .(*H): false
&rh .(*readonly H): true
&rh .(H): true 0
&ri .(*int): false
&ri .(*readonly int): true
&ri .(int): true 3
