ro .(*Getter): true 0
ro .(*GetSub): true 0
ro .(*Setter): false
ro .(*RW): false
ro switch: Getter 0
mut .(*Getter): true
mut .(*Setter): true 8
mut .(*RW): true
upcast .(*S): false
upcast .(*readonly S): true
upcast any .(*S): false
upcast any .(*GetSub): true
upcast any .(*Setter): false
@ro .(@Getter): true 6
@ro .(@Setter): false
generic .(*Box[int]): false
generic .(*readonly Box[int]): true
generic .(*Getter): true 7
generic .(*Setter): false
generic via Getter .(*Box[int]): false
later ro impl .(*Getter): true 0
later ro impl .(*GetSub): false
generic any-only .(*Getter): true 9
blank binder .(*Getter): true
blank binder .(*Two[int8, int]): false
