body true
arg 9 nested
any 8 borrow
elem 7
slice 2 5
arg 3 returned
recv 2 recv
arg 1 arg
body false
any 8 borrow
elem 7
slice 2 5
arg 3 returned
recv 2 recv
arg 1 arg
body true
arg 9 nested
any 8 borrow
elem 7
slice 2 5
arg 3 returned
recv 2 recv
arg 1 arg
body false
any 8 borrow
elem 7
slice 2 5
arg 3 returned
recv 2 recv
arg 1 arg
0
